============================================================
  Generated by:           Genus(TM) Synthesis Solution 21.17-s066_1
  Generated on:           Sep 29 2026  04:09:39 pm
  Module:                 cascade_biquad_PIPELINE1
  Operating conditions:   typical (balanced_tree)
  Wireload mode:          enclosed
  Area mode:              timing library
============================================================

                               
   Gate    Instances    Area            Library          
---------------------------------------------------------
AND2_X1          241   256.424    NangateOpenCellLibrary 
AND2_X2            5     6.650    NangateOpenCellLibrary 
AND2_X4            1     2.394    NangateOpenCellLibrary 
AND3_X1           22    29.260    NangateOpenCellLibrary 
AND3_X2            4     6.384    NangateOpenCellLibrary 
AND4_X1            5     7.980    NangateOpenCellLibrary 
AND4_X2            1     1.862    NangateOpenCellLibrary 
AOI211_X1         14    18.620    NangateOpenCellLibrary 
AOI21_X1         351   373.464    NangateOpenCellLibrary 
AOI21_X2           5     9.310    NangateOpenCellLibrary 
AOI221_X1         18    28.728    NangateOpenCellLibrary 
AOI222_X1          5    10.640    NangateOpenCellLibrary 
AOI22_X1         115   152.950    NangateOpenCellLibrary 
BUF_X1            71    56.658    NangateOpenCellLibrary 
BUF_X2             9     9.576    NangateOpenCellLibrary 
CLKBUF_X1         37    29.526    NangateOpenCellLibrary 
DFFR_X1            2    10.640    NangateOpenCellLibrary 
DFFR_X2            3    17.556    NangateOpenCellLibrary 
DFF_X1           168   759.696    NangateOpenCellLibrary 
DFF_X2            23   116.242    NangateOpenCellLibrary 
FA_X1            921  3919.776    NangateOpenCellLibrary 
HA_X1             21    55.860    NangateOpenCellLibrary 
INV_X1           892   474.544    NangateOpenCellLibrary 
INV_X2             1     0.798    NangateOpenCellLibrary 
INV_X4             1     1.330    NangateOpenCellLibrary 
MUX2_X1           34    63.308    NangateOpenCellLibrary 
NAND2_X1         858   684.684    NangateOpenCellLibrary 
NAND2_X2           5     6.650    NangateOpenCellLibrary 
NAND3_X1          71    75.544    NangateOpenCellLibrary 
NAND4_X1          23    30.590    NangateOpenCellLibrary 
NOR2_X1          577   460.446    NangateOpenCellLibrary 
NOR3_X1           31    32.984    NangateOpenCellLibrary 
NOR4_X1            5     6.650    NangateOpenCellLibrary 
OAI211_X1         88   117.040    NangateOpenCellLibrary 
OAI21_X1         381   405.384    NangateOpenCellLibrary 
OAI21_X2          10    18.620    NangateOpenCellLibrary 
OAI221_X1         47    75.012    NangateOpenCellLibrary 
OAI222_X1          2     4.256    NangateOpenCellLibrary 
OAI22_X1         104   138.320    NangateOpenCellLibrary 
OAI22_X2           1     2.394    NangateOpenCellLibrary 
OAI33_X1           3     5.586    NangateOpenCellLibrary 
OR2_X1           133   141.512    NangateOpenCellLibrary 
OR2_X2             9    11.970    NangateOpenCellLibrary 
OR3_X1            11    14.630    NangateOpenCellLibrary 
OR4_X1             1     1.596    NangateOpenCellLibrary 
XNOR2_X1         471   751.716    NangateOpenCellLibrary 
XNOR2_X2           9    23.940    NangateOpenCellLibrary 
XOR2_X1           99   158.004    NangateOpenCellLibrary 
XOR2_X2            1     2.394    NangateOpenCellLibrary 
---------------------------------------------------------
total           5910  9590.098                           


                                         
     Type      Instances   Area   Area % 
-----------------------------------------
sequential           196  904.134    9.4 
inverter             894  476.672    5.0 
buffer               117   95.760    1.0 
logic               4703 8113.532   84.6 
physical_cells         0    0.000    0.0 
-----------------------------------------
total               5910 9590.098  100.0 

