============================================================
  Generated by:           Genus(TM) Synthesis Solution 21.17-s066_1
  Generated on:           Sep 29 2026  04:09:39 pm
  Module:                 cascade_biquad_PIPELINE1
  Operating conditions:   typical (balanced_tree)
  Wireload mode:          enclosed
  Area mode:              timing library
============================================================


Path 1: VIOLATED (-194 ps) Setup Check with Pin bq0_reg_reg[14]/CK->D
          Group: clk
     Startpoint: (F) in_sample[4]
          Clock: (R) clk
       Endpoint: (R) bq0_reg_reg[14]/D
          Clock: (R) clk

                     Capture       Launch     
        Clock Edge:+    2000            0     
        Drv Adjust:+       0            0     
       Src Latency:+       0            0     
       Net Latency:+       0 (I)        0 (I) 
           Arrival:=    2000            0     
                                              
             Setup:-      34                  
     Required Time:=    1966                  
      Launch Clock:-       0                  
       Input Delay:-     500                  
         Data Path:-    1660                  
             Slack:=    -194                  

Exceptions/Constraints:
  input_delay             500             in_del_12_1 

#-----------------------------------------------------------------------------------------------------------------------------------------
#                          Timing Point                           Flags    Arc   Edge   Cell     Fanout Load Trans Delay Arrival Instance 
#                                                                                                       (fF)  (ps)  (ps)   (ps)  Location 
#-----------------------------------------------------------------------------------------------------------------------------------------
  in_sample[4]                                                    -       -      F     (arrival)      3  8.0     0     0     500    (-,-) 
  g15183/ZN                                                       -       B1->ZN R     AOI21_X2       2  3.7    22    50     550    (-,-) 
  g116/ZN                                                         -       A->ZN  R     XNOR2_X1       2  4.6    32    67     617    (-,-) 
  g206/ZN                                                         -       A->ZN  R     XNOR2_X1       1  2.5    22    65     682    (-,-) 
  g12768/ZN                                                       -       A->ZN  R     XNOR2_X1       2  3.2    26    61     742    (-,-) 
  g12772/ZN                                                       -       A1->ZN R     OR2_X1         2  3.2    11    40     782    (-,-) 
  g12773/ZN                                                       -       A1->ZN R     AND2_X2        3  5.9    11    48     830    (-,-) 
  g11954/ZN                                                       -       B->ZN  F     OAI211_X1      1  1.8    15    43     873    (-,-) 
  g15265/ZN                                                       -       A3->ZN F     AND3_X2        6 10.7    10    55     928    (-,-) 
  g11646/ZN                                                       -       C1->ZN R     OAI211_X1      2  3.2    28    54     982    (-,-) 
  g123/ZN                                                         -       A1->ZN R     AND3_X1        1  2.0    11    57    1039    (-,-) 
  g15416/ZN                                                       -       A1->ZN R     OR2_X2         6 16.2    22    50    1089    (-,-) 
  g12305/ZN                                                       -       A->ZN  F     OAI21_X1       2  3.2    15    43    1132    (-,-) 
  g12304/Z                                                        -       A->Z   F     BUF_X1         1  3.9     8    44    1176    (-,-) 
  biquad0_csa_tree_ADD_TC_OP_7_pad_groupi_cdnfadd_018_12__12303/S -       A->S   R     FA_X1          2  3.9    16   142    1317    (-,-) 
  g1267/ZN                                                        -       A->ZN  R     XNOR2_X1       1  2.5    23    60    1377    (-,-) 
  g1264/ZN                                                        -       A->ZN  R     XNOR2_X1       1  3.1    26    60    1438    (-,-) 
  g230/CO                                                         -       CI->CO R     FA_X1          2  3.4    14    72    1510    (-,-) 
  g56/ZN                                                          -       A->ZN  F     INV_X1         2  3.0     6    25    1535    (-,-) 
  g15511/ZN                                                       -       B1->ZN R     OAI21_X1       2  3.8    28    51    1586    (-,-) 
  g15510/ZN                                                       -       A->ZN  R     XNOR2_X1       1  2.5    22    64    1650    (-,-) 
  g15319/ZN                                                       -       A->ZN  R     XNOR2_X1       2  4.0    29    62    1712    (-,-) 
  g15132/ZN                                                       -       A2->ZN F     NOR2_X1        2  2.8    10    30    1742    (-,-) 
  g14870/ZN                                                       -       A1->ZN R     NOR2_X1        2  2.4    19    42    1784    (-,-) 
  g15161/ZN                                                       -       A1->ZN R     AND2_X1        2  3.9    13    49    1833    (-,-) 
  g15160/ZN                                                       -       A2->ZN F     NAND3_X1       1  1.9    12    36    1869    (-,-) 
  g40/ZN                                                          -       A1->ZN R     NAND3_X1       3  5.3    20    38    1906    (-,-) 
  g31/ZN                                                          -       A1->ZN R     AND2_X2        4  7.4    13    54    1961    (-,-) 
  g241/ZN                                                         -       B1->ZN F     OAI21_X1       1  1.9    12    32    1992    (-,-) 
  g11497/ZN                                                       -       A1->ZN F     AND3_X2        3  4.6     7    44    2036    (-,-) 
  g13008/ZN                                                       -       A1->ZN F     OR2_X2         7 13.8    14    68    2104    (-,-) 
  g5756__12884/ZN                                                 -       B1->ZN R     OAI21_X1       1  1.4    17    47    2151    (-,-) 
  bq0_reg_reg[14]/D                                               -       -      R     DFF_X1         1    -     -     9    2160    (-,-) 
#-----------------------------------------------------------------------------------------------------------------------------------------



Path 2: VIOLATED (-194 ps) Setup Check with Pin bq0_reg_reg[12]/CK->D
          Group: clk
     Startpoint: (F) in_sample[4]
          Clock: (R) clk
       Endpoint: (R) bq0_reg_reg[12]/D
          Clock: (R) clk

                     Capture       Launch     
        Clock Edge:+    2000            0     
        Drv Adjust:+       0            0     
       Src Latency:+       0            0     
       Net Latency:+       0 (I)        0 (I) 
           Arrival:=    2000            0     
                                              
             Setup:-      34                  
     Required Time:=    1966                  
      Launch Clock:-       0                  
       Input Delay:-     500                  
         Data Path:-    1660                  
             Slack:=    -194                  

Exceptions/Constraints:
  input_delay             500             in_del_12_1 

#-----------------------------------------------------------------------------------------------------------------------------------------
#                          Timing Point                           Flags    Arc   Edge   Cell     Fanout Load Trans Delay Arrival Instance 
#                                                                                                       (fF)  (ps)  (ps)   (ps)  Location 
#-----------------------------------------------------------------------------------------------------------------------------------------
  in_sample[4]                                                    -       -      F     (arrival)      3  8.0     0     0     500    (-,-) 
  g15183/ZN                                                       -       B1->ZN R     AOI21_X2       2  3.7    22    50     550    (-,-) 
  g116/ZN                                                         -       A->ZN  R     XNOR2_X1       2  4.6    32    67     617    (-,-) 
  g206/ZN                                                         -       A->ZN  R     XNOR2_X1       1  2.5    22    65     682    (-,-) 
  g12768/ZN                                                       -       A->ZN  R     XNOR2_X1       2  3.2    26    61     742    (-,-) 
  g12772/ZN                                                       -       A1->ZN R     OR2_X1         2  3.2    11    40     782    (-,-) 
  g12773/ZN                                                       -       A1->ZN R     AND2_X2        3  5.9    11    48     830    (-,-) 
  g11954/ZN                                                       -       B->ZN  F     OAI211_X1      1  1.8    15    43     873    (-,-) 
  g15265/ZN                                                       -       A3->ZN F     AND3_X2        6 10.7    10    55     928    (-,-) 
  g11646/ZN                                                       -       C1->ZN R     OAI211_X1      2  3.2    28    54     982    (-,-) 
  g123/ZN                                                         -       A1->ZN R     AND3_X1        1  2.0    11    57    1039    (-,-) 
  g15416/ZN                                                       -       A1->ZN R     OR2_X2         6 16.2    22    50    1089    (-,-) 
  g12305/ZN                                                       -       A->ZN  F     OAI21_X1       2  3.2    15    43    1132    (-,-) 
  g12304/Z                                                        -       A->Z   F     BUF_X1         1  3.9     8    44    1176    (-,-) 
  biquad0_csa_tree_ADD_TC_OP_7_pad_groupi_cdnfadd_018_12__12303/S -       A->S   R     FA_X1          2  3.9    16   142    1317    (-,-) 
  g1267/ZN                                                        -       A->ZN  R     XNOR2_X1       1  2.5    23    60    1377    (-,-) 
  g1264/ZN                                                        -       A->ZN  R     XNOR2_X1       1  3.1    26    60    1438    (-,-) 
  g230/CO                                                         -       CI->CO R     FA_X1          2  3.4    14    72    1510    (-,-) 
  g56/ZN                                                          -       A->ZN  F     INV_X1         2  3.0     6    25    1535    (-,-) 
  g15511/ZN                                                       -       B1->ZN R     OAI21_X1       2  3.8    28    51    1586    (-,-) 
  g15510/ZN                                                       -       A->ZN  R     XNOR2_X1       1  2.5    22    64    1650    (-,-) 
  g15319/ZN                                                       -       A->ZN  R     XNOR2_X1       2  4.0    29    62    1712    (-,-) 
  g15132/ZN                                                       -       A2->ZN F     NOR2_X1        2  2.8    10    30    1742    (-,-) 
  g14870/ZN                                                       -       A1->ZN R     NOR2_X1        2  2.4    19    42    1784    (-,-) 
  g15161/ZN                                                       -       A1->ZN R     AND2_X1        2  3.9    13    49    1833    (-,-) 
  g15160/ZN                                                       -       A2->ZN F     NAND3_X1       1  1.9    12    36    1869    (-,-) 
  g40/ZN                                                          -       A1->ZN R     NAND3_X1       3  5.3    20    38    1906    (-,-) 
  g31/ZN                                                          -       A1->ZN R     AND2_X2        4  7.4    13    54    1961    (-,-) 
  g241/ZN                                                         -       B1->ZN F     OAI21_X1       1  1.9    12    32    1992    (-,-) 
  g11497/ZN                                                       -       A1->ZN F     AND3_X2        3  4.6     7    44    2036    (-,-) 
  g13008/ZN                                                       -       A1->ZN F     OR2_X2         7 13.8    14    68    2104    (-,-) 
  g12893/ZN                                                       -       B1->ZN R     OAI21_X1       1  1.4    17    47    2151    (-,-) 
  bq0_reg_reg[12]/D                                               -       -      R     DFF_X1         1    -     -     9    2160    (-,-) 
#-----------------------------------------------------------------------------------------------------------------------------------------



Path 3: VIOLATED (-194 ps) Setup Check with Pin bq0_reg_reg[10]/CK->D
          Group: clk
     Startpoint: (F) in_sample[4]
          Clock: (R) clk
       Endpoint: (R) bq0_reg_reg[10]/D
          Clock: (R) clk

                     Capture       Launch     
        Clock Edge:+    2000            0     
        Drv Adjust:+       0            0     
       Src Latency:+       0            0     
       Net Latency:+       0 (I)        0 (I) 
           Arrival:=    2000            0     
                                              
             Setup:-      34                  
     Required Time:=    1966                  
      Launch Clock:-       0                  
       Input Delay:-     500                  
         Data Path:-    1660                  
             Slack:=    -194                  

Exceptions/Constraints:
  input_delay             500             in_del_12_1 

#-----------------------------------------------------------------------------------------------------------------------------------------
#                          Timing Point                           Flags    Arc   Edge   Cell     Fanout Load Trans Delay Arrival Instance 
#                                                                                                       (fF)  (ps)  (ps)   (ps)  Location 
#-----------------------------------------------------------------------------------------------------------------------------------------
  in_sample[4]                                                    -       -      F     (arrival)      3  8.0     0     0     500    (-,-) 
  g15183/ZN                                                       -       B1->ZN R     AOI21_X2       2  3.7    22    50     550    (-,-) 
  g116/ZN                                                         -       A->ZN  R     XNOR2_X1       2  4.6    32    67     617    (-,-) 
  g206/ZN                                                         -       A->ZN  R     XNOR2_X1       1  2.5    22    65     682    (-,-) 
  g12768/ZN                                                       -       A->ZN  R     XNOR2_X1       2  3.2    26    61     742    (-,-) 
  g12772/ZN                                                       -       A1->ZN R     OR2_X1         2  3.2    11    40     782    (-,-) 
  g12773/ZN                                                       -       A1->ZN R     AND2_X2        3  5.9    11    48     830    (-,-) 
  g11954/ZN                                                       -       B->ZN  F     OAI211_X1      1  1.8    15    43     873    (-,-) 
  g15265/ZN                                                       -       A3->ZN F     AND3_X2        6 10.7    10    55     928    (-,-) 
  g11646/ZN                                                       -       C1->ZN R     OAI211_X1      2  3.2    28    54     982    (-,-) 
  g123/ZN                                                         -       A1->ZN R     AND3_X1        1  2.0    11    57    1039    (-,-) 
  g15416/ZN                                                       -       A1->ZN R     OR2_X2         6 16.2    22    50    1089    (-,-) 
  g12305/ZN                                                       -       A->ZN  F     OAI21_X1       2  3.2    15    43    1132    (-,-) 
  g12304/Z                                                        -       A->Z   F     BUF_X1         1  3.9     8    44    1176    (-,-) 
  biquad0_csa_tree_ADD_TC_OP_7_pad_groupi_cdnfadd_018_12__12303/S -       A->S   R     FA_X1          2  3.9    16   142    1317    (-,-) 
  g1267/ZN                                                        -       A->ZN  R     XNOR2_X1       1  2.5    23    60    1377    (-,-) 
  g1264/ZN                                                        -       A->ZN  R     XNOR2_X1       1  3.1    26    60    1438    (-,-) 
  g230/CO                                                         -       CI->CO R     FA_X1          2  3.4    14    72    1510    (-,-) 
  g56/ZN                                                          -       A->ZN  F     INV_X1         2  3.0     6    25    1535    (-,-) 
  g15511/ZN                                                       -       B1->ZN R     OAI21_X1       2  3.8    28    51    1586    (-,-) 
  g15510/ZN                                                       -       A->ZN  R     XNOR2_X1       1  2.5    22    64    1650    (-,-) 
  g15319/ZN                                                       -       A->ZN  R     XNOR2_X1       2  4.0    29    62    1712    (-,-) 
  g15132/ZN                                                       -       A2->ZN F     NOR2_X1        2  2.8    10    30    1742    (-,-) 
  g14870/ZN                                                       -       A1->ZN R     NOR2_X1        2  2.4    19    42    1784    (-,-) 
  g15161/ZN                                                       -       A1->ZN R     AND2_X1        2  3.9    13    49    1833    (-,-) 
  g15160/ZN                                                       -       A2->ZN F     NAND3_X1       1  1.9    12    36    1869    (-,-) 
  g40/ZN                                                          -       A1->ZN R     NAND3_X1       3  5.3    20    38    1906    (-,-) 
  g31/ZN                                                          -       A1->ZN R     AND2_X2        4  7.4    13    54    1961    (-,-) 
  g241/ZN                                                         -       B1->ZN F     OAI21_X1       1  1.9    12    32    1992    (-,-) 
  g11497/ZN                                                       -       A1->ZN F     AND3_X2        3  4.6     7    44    2036    (-,-) 
  g11500/ZN                                                       -       A1->ZN F     OR2_X2         7 13.8    14    68    2104    (-,-) 
  g5752__12890/ZN                                                 -       B1->ZN R     OAI21_X1       1  1.4    17    47    2151    (-,-) 
  bq0_reg_reg[10]/D                                               -       -      R     DFF_X1         1    -     -     9    2160    (-,-) 
#-----------------------------------------------------------------------------------------------------------------------------------------



Path 4: VIOLATED (-194 ps) Setup Check with Pin bq0_reg_reg[9]/CK->D
          Group: clk
     Startpoint: (F) in_sample[4]
          Clock: (R) clk
       Endpoint: (R) bq0_reg_reg[9]/D
          Clock: (R) clk

                     Capture       Launch     
        Clock Edge:+    2000            0     
        Drv Adjust:+       0            0     
       Src Latency:+       0            0     
       Net Latency:+       0 (I)        0 (I) 
           Arrival:=    2000            0     
                                              
             Setup:-      34                  
     Required Time:=    1966                  
      Launch Clock:-       0                  
       Input Delay:-     500                  
         Data Path:-    1660                  
             Slack:=    -194                  

Exceptions/Constraints:
  input_delay             500             in_del_12_1 

#-----------------------------------------------------------------------------------------------------------------------------------------
#                          Timing Point                           Flags    Arc   Edge   Cell     Fanout Load Trans Delay Arrival Instance 
#                                                                                                       (fF)  (ps)  (ps)   (ps)  Location 
#-----------------------------------------------------------------------------------------------------------------------------------------
  in_sample[4]                                                    -       -      F     (arrival)      3  8.0     0     0     500    (-,-) 
  g15183/ZN                                                       -       B1->ZN R     AOI21_X2       2  3.7    22    50     550    (-,-) 
  g116/ZN                                                         -       A->ZN  R     XNOR2_X1       2  4.6    32    67     617    (-,-) 
  g206/ZN                                                         -       A->ZN  R     XNOR2_X1       1  2.5    22    65     682    (-,-) 
  g12768/ZN                                                       -       A->ZN  R     XNOR2_X1       2  3.2    26    61     742    (-,-) 
  g12772/ZN                                                       -       A1->ZN R     OR2_X1         2  3.2    11    40     782    (-,-) 
  g12773/ZN                                                       -       A1->ZN R     AND2_X2        3  5.9    11    48     830    (-,-) 
  g11954/ZN                                                       -       B->ZN  F     OAI211_X1      1  1.8    15    43     873    (-,-) 
  g15265/ZN                                                       -       A3->ZN F     AND3_X2        6 10.7    10    55     928    (-,-) 
  g11646/ZN                                                       -       C1->ZN R     OAI211_X1      2  3.2    28    54     982    (-,-) 
  g123/ZN                                                         -       A1->ZN R     AND3_X1        1  2.0    11    57    1039    (-,-) 
  g15416/ZN                                                       -       A1->ZN R     OR2_X2         6 16.2    22    50    1089    (-,-) 
  g12305/ZN                                                       -       A->ZN  F     OAI21_X1       2  3.2    15    43    1132    (-,-) 
  g12304/Z                                                        -       A->Z   F     BUF_X1         1  3.9     8    44    1176    (-,-) 
  biquad0_csa_tree_ADD_TC_OP_7_pad_groupi_cdnfadd_018_12__12303/S -       A->S   R     FA_X1          2  3.9    16   142    1317    (-,-) 
  g1267/ZN                                                        -       A->ZN  R     XNOR2_X1       1  2.5    23    60    1377    (-,-) 
  g1264/ZN                                                        -       A->ZN  R     XNOR2_X1       1  3.1    26    60    1438    (-,-) 
  g230/CO                                                         -       CI->CO R     FA_X1          2  3.4    14    72    1510    (-,-) 
  g56/ZN                                                          -       A->ZN  F     INV_X1         2  3.0     6    25    1535    (-,-) 
  g15511/ZN                                                       -       B1->ZN R     OAI21_X1       2  3.8    28    51    1586    (-,-) 
  g15510/ZN                                                       -       A->ZN  R     XNOR2_X1       1  2.5    22    64    1650    (-,-) 
  g15319/ZN                                                       -       A->ZN  R     XNOR2_X1       2  4.0    29    62    1712    (-,-) 
  g15132/ZN                                                       -       A2->ZN F     NOR2_X1        2  2.8    10    30    1742    (-,-) 
  g14870/ZN                                                       -       A1->ZN R     NOR2_X1        2  2.4    19    42    1784    (-,-) 
  g15161/ZN                                                       -       A1->ZN R     AND2_X1        2  3.9    13    49    1833    (-,-) 
  g15160/ZN                                                       -       A2->ZN F     NAND3_X1       1  1.9    12    36    1869    (-,-) 
  g40/ZN                                                          -       A1->ZN R     NAND3_X1       3  5.3    20    38    1906    (-,-) 
  g31/ZN                                                          -       A1->ZN R     AND2_X2        4  7.4    13    54    1961    (-,-) 
  g241/ZN                                                         -       B1->ZN F     OAI21_X1       1  1.9    12    32    1992    (-,-) 
  g11497/ZN                                                       -       A1->ZN F     AND3_X2        3  4.6     7    44    2036    (-,-) 
  g11500/ZN                                                       -       A1->ZN F     OR2_X2         7 13.8    14    68    2104    (-,-) 
  g5751__12886/ZN                                                 -       B1->ZN R     OAI21_X1       1  1.4    17    47    2151    (-,-) 
  bq0_reg_reg[9]/D                                                -       -      R     DFF_X1         1    -     -     9    2160    (-,-) 
#-----------------------------------------------------------------------------------------------------------------------------------------



Path 5: VIOLATED (-194 ps) Setup Check with Pin bq0_reg_reg[8]/CK->D
          Group: clk
     Startpoint: (F) in_sample[4]
          Clock: (R) clk
       Endpoint: (R) bq0_reg_reg[8]/D
          Clock: (R) clk

                     Capture       Launch     
        Clock Edge:+    2000            0     
        Drv Adjust:+       0            0     
       Src Latency:+       0            0     
       Net Latency:+       0 (I)        0 (I) 
           Arrival:=    2000            0     
                                              
             Setup:-      34                  
     Required Time:=    1966                  
      Launch Clock:-       0                  
       Input Delay:-     500                  
         Data Path:-    1660                  
             Slack:=    -194                  

Exceptions/Constraints:
  input_delay             500             in_del_12_1 

#-----------------------------------------------------------------------------------------------------------------------------------------
#                          Timing Point                           Flags    Arc   Edge   Cell     Fanout Load Trans Delay Arrival Instance 
#                                                                                                       (fF)  (ps)  (ps)   (ps)  Location 
#-----------------------------------------------------------------------------------------------------------------------------------------
  in_sample[4]                                                    -       -      F     (arrival)      3  8.0     0     0     500    (-,-) 
  g15183/ZN                                                       -       B1->ZN R     AOI21_X2       2  3.7    22    50     550    (-,-) 
  g116/ZN                                                         -       A->ZN  R     XNOR2_X1       2  4.6    32    67     617    (-,-) 
  g206/ZN                                                         -       A->ZN  R     XNOR2_X1       1  2.5    22    65     682    (-,-) 
  g12768/ZN                                                       -       A->ZN  R     XNOR2_X1       2  3.2    26    61     742    (-,-) 
  g12772/ZN                                                       -       A1->ZN R     OR2_X1         2  3.2    11    40     782    (-,-) 
  g12773/ZN                                                       -       A1->ZN R     AND2_X2        3  5.9    11    48     830    (-,-) 
  g11954/ZN                                                       -       B->ZN  F     OAI211_X1      1  1.8    15    43     873    (-,-) 
  g15265/ZN                                                       -       A3->ZN F     AND3_X2        6 10.7    10    55     928    (-,-) 
  g11646/ZN                                                       -       C1->ZN R     OAI211_X1      2  3.2    28    54     982    (-,-) 
  g123/ZN                                                         -       A1->ZN R     AND3_X1        1  2.0    11    57    1039    (-,-) 
  g15416/ZN                                                       -       A1->ZN R     OR2_X2         6 16.2    22    50    1089    (-,-) 
  g12305/ZN                                                       -       A->ZN  F     OAI21_X1       2  3.2    15    43    1132    (-,-) 
  g12304/Z                                                        -       A->Z   F     BUF_X1         1  3.9     8    44    1176    (-,-) 
  biquad0_csa_tree_ADD_TC_OP_7_pad_groupi_cdnfadd_018_12__12303/S -       A->S   R     FA_X1          2  3.9    16   142    1317    (-,-) 
  g1267/ZN                                                        -       A->ZN  R     XNOR2_X1       1  2.5    23    60    1377    (-,-) 
  g1264/ZN                                                        -       A->ZN  R     XNOR2_X1       1  3.1    26    60    1438    (-,-) 
  g230/CO                                                         -       CI->CO R     FA_X1          2  3.4    14    72    1510    (-,-) 
  g56/ZN                                                          -       A->ZN  F     INV_X1         2  3.0     6    25    1535    (-,-) 
  g15511/ZN                                                       -       B1->ZN R     OAI21_X1       2  3.8    28    51    1586    (-,-) 
  g15510/ZN                                                       -       A->ZN  R     XNOR2_X1       1  2.5    22    64    1650    (-,-) 
  g15319/ZN                                                       -       A->ZN  R     XNOR2_X1       2  4.0    29    62    1712    (-,-) 
  g15132/ZN                                                       -       A2->ZN F     NOR2_X1        2  2.8    10    30    1742    (-,-) 
  g14870/ZN                                                       -       A1->ZN R     NOR2_X1        2  2.4    19    42    1784    (-,-) 
  g15161/ZN                                                       -       A1->ZN R     AND2_X1        2  3.9    13    49    1833    (-,-) 
  g15160/ZN                                                       -       A2->ZN F     NAND3_X1       1  1.9    12    36    1869    (-,-) 
  g40/ZN                                                          -       A1->ZN R     NAND3_X1       3  5.3    20    38    1906    (-,-) 
  g31/ZN                                                          -       A1->ZN R     AND2_X2        4  7.4    13    54    1961    (-,-) 
  g241/ZN                                                         -       B1->ZN F     OAI21_X1       1  1.9    12    32    1992    (-,-) 
  g11497/ZN                                                       -       A1->ZN F     AND3_X2        3  4.6     7    44    2036    (-,-) 
  g11500/ZN                                                       -       A1->ZN F     OR2_X2         7 13.8    14    68    2104    (-,-) 
  g5750__12891/ZN                                                 -       B1->ZN R     OAI21_X1       1  1.4    17    47    2151    (-,-) 
  bq0_reg_reg[8]/D                                                -       -      R     DFF_X1         1    -     -     9    2160    (-,-) 
#-----------------------------------------------------------------------------------------------------------------------------------------

